// Jest Snapshot v1, https://goo.gl/fbAQLP

exports[`render ExpenseListItem with fixture data 1`] = `
<h1>
  The Four Zero Four!
</h1>
`;
